[www.petertoth.me/index.html]
[backblue.gif]
[fade.gif]
[index.html]
[maxcdn.bootstrapcdn.com/bootstrap/3.2.0/css/bootstrap.min.css]
[cdnjs.cloudflare.com/ajax/libs/animate.css/3.1.1/animate.min.css]
[maxcdn.bootstrapcdn.com/font-awesome/4.2.0/css/font-awesome.min.css]
[www.petertoth.me/css/main.css]
[www.petertoth.me/css/home.css]
[www.petertoth.me/css/overrides.css]
[www.petertoth.me/css/nojs.css]
[ajax.googleapis.com/ajax/libs/jquery/1.11.1/jquery.min.js]
[www.petertoth.me/js/analytics.js]
[www.petertoth.me/js/viewportchecker.js]
[www.petertoth.me/js/pushy.min.js]
[www.petertoth.me/js/main.js]
[www.petertoth.me/js/modernizr.js]
[www.petertoth.me/blog/index.html]
[www.petertoth.me/blog/archives/index.html]
[www.petertoth.me/images/profile.jpg]
[www.petertoth.me/index.html]
[maxcdn.bootstrapcdn.com/bootstrap/3.2.0/css/bootstrap.min.css]
[cdnjs.cloudflare.com/ajax/libs/animate.css/3.1.1/animate.min.css]
[maxcdn.bootstrapcdn.com/font-awesome/4.2.0/css/font-awesome.min.css]
[www.petertoth.me/css/main.css]
[www.petertoth.me/css/flaticon.eot]
[www.petertoth.me/css/flaticon.woff]
[www.petertoth.me/css/flaticon.svg]
[www.petertoth.me/images/mountain.jpg]
[www.petertoth.me/images/foggy.jpg]
[www.petertoth.me/css/home.css]
[www.petertoth.me/css/overrides.css]
[www.petertoth.me/css/nojs.css]
[www.petertoth.me/css/flaticon.ttf]
[www.petertoth.me/unnecessary-background-images/index.html]
[www.petertoth.me/blog/index.html]
[www.petertoth.me/blog/archives/index.html]
[www.petertoth.me/improving-coding-skills-with-exercism-dot-io/index.html]
[www.petertoth.me/css/flaticon.svg]
[www.petertoth.me/unnecessary-background-images/index.html]
[www.petertoth.me/css/blog.css]
[img2.findthebest.com/sites/default/files/2307/media/images/t2/Light_Gray_429810_i0.png]
[dl.dropboxusercontent.com/u/159328383/jarjarbinks.css_; filename_=UTF-8''jarjarbinks.css]
[www.petertoth.me/improving-coding-skills-with-exercism-dot-io/index.html]
[www.petertoth.me/css/blog.css]
